0
3
anagram: 1
function: 1
please: 1
(null)
anagram
true
false
{'5' -> 5}
{}
{"function" -> 1, "please" -> 1}
45
banana
['b', 'a', 'n', 'a', 'n', 'a']
banana
