1<2; 1<=2; 1!=2; 2>1; 2>=1
x is equal to 2!
'a' < 'b'
'a' <= 'b'
'a' != 'b'
'a'<'b'; 'a'<='b'; 'a'!='b'; 'b'>'a'; 'b'>='a'
c == 'c'!
