it's null
it's null
it's null
it's null
it's null
