3
2
2
1
1
0
five times this statement
and this one
and the other
five times this statement
and this one
and the other
five times this statement
and this one
and the other
five times this statement
and this one
and the other
five times this statement
and this one
and the other
'a'
'b'
z is greater than b
'c'
z is greater than b
'd'
