a string56

i have 3
lines
asdf  asdf
adsf\nx
abcd
\0ooo
