printing from a function
2
1
...
x before: 2
x during: -5
x after: -5
