true
['a', 'b']
true
89
{}
{"blah" -> 1, "a" -> 1}
