'a'
'b'
'c'
['a', 'b', 'c']
['d']
2
'x'
0
'y'
4
1
1
2
3
egxample 5
a 3
anotherr example -9
